// Jest Snapshot v1, https://goo.gl/fbAQLP

exports[`MyProfile Component MyProfile component renders correctly 1`] = `
<DocumentFragment>
  <section
    class="px-[5rem] h-auto py-[2rem] font-manrope flex justify-between items-start gap-x-[3rem]"
  >
    <div
      class="w-1/2 h-auto"
    >
      <h2
        class="text-3xl font-bold mb-3"
      >
        My missions
      </h2>
      <ul
        class="border rounded-md list-none"
      >
        <li
          class="pb-8 pt-4 pl-8 border-b font-normal"
        >
          Mission 1
        </li>
      </ul>
      <div />
    </div>
    <div
      class="w-1/2 h-auto"
    >
      <h2
        class="text-3xl font-bold mb-3"
      >
        My Rockets
      </h2>
      <ul
        class="border rounded-md list-none"
      >
        <li
          class="pb-8 pt-4 pl-8 border-b font-normal"
        >
          Rocket 1
        </li>
      </ul>
    </div>
  </section>
</DocumentFragment>
`;
