// Jest Snapshot v1, https://goo.gl/fbAQLP

exports[`Rockets component matches snapshot 1`] = `
<DocumentFragment>
  <div
    class="RocketContainer"
  >
    <p>
      Loading...
    </p>
  </div>
</DocumentFragment>
`;
